
Memory Configuration

Name             Origin             Length             Attributes
*default*        0x0000000000000000 0xffffffffffffffff

Linker script and memory map


.header         0x0000000000000000     0x1000
 *(.header)
 .header        0x0000000000000000     0x1000 build/sm64.o
 *(.boot)

.rodata         0x0000000000800000   0x3607f0
 FILL mask 0x01
 *(.mio0)
 .mio0          0x0000000000800000   0x3607f0 build/sm64.o
                0x0000000000aec4f0                bits_level
                0x00000000008def70                mri_swoop
                0x000000000095bf40                cloud_floor_skybox
                0x0000000000b23e60                castle_courtyard_level
                0x0000000000857a10                mole_monkey_fwoosh
                0x0000000000a5a600                hmc_level
                0x0000000000a5b2b0                ssl_segment7
                0x0000000000920dd0                water_skybox
                0x000000000085e310                cap_switch
                0x0000000000aa1060                ttc_segment7
                0x000000000093baf0                clouds_skybox
                0x00000000009c2480                ttc_textures
                0x0000000000b45ce0                bits_platform_level
                0x0000000000b431e0                bifs_platform_level
                0x00000000009111b0                wood_trademark
                0x0000000000992890                lll_textures
                0x0000000000821f80                yoshiegg_owl_thwomp
                0x00000000008b0240                bowser_flames_bomb
                0x000000000085e3a0                piano_books
                0x00000000009f6350                bbh_level
                0x0000000000981580                bits_skybox
                0x0000000000abe6e0                rr_level
                0x0000000000b011a0                lll_level
                0x0000000000b36ef0                wing_cap_level
                0x00000000008e8bc0                mri_swoop_snufit_dorrie_scuttlebug
                0x0000000000965ba0                ssl_skybox
                0x00000000008ced60                koopa_log_piranha_whomp_chomp
                0x0000000000944ad0                bifs_skybox
                0x000000000092d630                ccm_skybox
                0x00000000008bb310                koopa_whomp
                0x000000000082c1e0                bully_blargg
                0x0000000000857da0                spindrift_penguin_snowman
                0x0000000000ac9420                bidw_segment7
                0x0000000000b02120                ddd_segment7
                0x00000000008f7960                cannon_box_switch_enemies
                0x0000000000a6f7e0                ssl_level
                0x0000000000b42120                rainbow_bonus_level
                0x0000000000a97bb0                jrb_level
                0x0000000000b0a880                wf_segment7
                0x0000000000b20d60                castle_courtyard_segment7
                0x0000000000a79930                bob_level
                0x00000000008cf3e0                lakitu_toad
                0x0000000000aecc90                lll_segment7
                0x00000000009a1380                bob_textures
                0x0000000000b46100                ttm_segment7
                0x0000000000a44850                hmc_segment7
                0x0000000000b0a250                ddd_level
                0x0000000000ad05c0                bidw_level
                0x0000000000849900                monkey
                0x0000000000b2c8c0                metal_cap_segment7
                0x0000000000b2c700                secret_slide_level
                0x000000000087fde0                bowser
                0x0000000000b20ca0                cake_end_level
                0x000000000085d170                checkerboard_question
                0x0000000000b37110                bidw_platform_segment7
                0x0000000000910cb0                game_over_level
                0x0000000000b38b10                rainbow_bonus_segment7
                0x0000000000ad0c60                vanish_cap_segment7
                0x0000000000adf030                bifs_level
                0x0000000000b331d0                metal_cap_level
                0x0000000000833040                sea_creatures_texture
                0x0000000000a09720                ccm_level
                0x0000000000a8e070                wdw_level
                0x00000000009a8d30                jrb_textures
                0x00000000009b1740                rr_textures
                0x000000000099b3c0                bbh_textures
                0x000000000080be50                mario
                0x000000000082c490                bobombs
                0x000000000090fc50                coins_pipe_doors_maps_trees
                0x0000000000abf160                castle_grounds_segment7
                0x000000000087f940                bubba_wiggler_lakitu
                0x00000000009d9410                inside_castle_textures
                0x0000000000832d00                kingbobomb_bubble
                0x00000000009bb9c0                hmc_textures
                0x0000000000864fb0                peach_toadstool
                0x000000000083d5c0                vulture_pokey
                0x0000000000a09dd0                inside_castle_segment7
                0x00000000009f73e0                ccm_segment7
                0x00000000009c55d0                ttm_textures
                0x0000000000aa0820                thi_level
                0x00000000009e56d0                bbh_segment7
                0x0000000000b12f00                cake_end
                0x0000000000a42b60                inside_castle_level
                0x00000000009e2fc0                flower_textures
                0x0000000000aab620                ttc_level
                0x00000000008e9290                chuckya_shyguy_goomba
                0x0000000000b12240                wf_level
                0x0000000000ad5900                vanish_cap_level
                0x0000000000877d80                birds_peach_yoshi
                0x0000000000aaba90                rr_segment7
                0x000000000081f150                water_sparkles_mario
                0x0000000000a98760                thi_segment7
                0x00000000008783f0                enemy
                0x00000000008b0e90                treasure_chest_fish
                0x000000000082a3b0                big_bully
                0x00000000008dee20                moneybag
                0x000000000091acd0                main_menu_segment7
                0x0000000000b24120                secret_slide_segment7
                0x00000000009d27a0                castle_grounds_textures
                0x0000000000800030                font_graphics
                0x0000000000b5f9e0                ttm_level
                0x0000000000ae0990                secret_aquarium_level
                0x0000000000a82cb0                wdw_segment7
                0x0000000000917760                mario_bg
                0x00000000009162c0                debug_level_select
                0x00000000009cade0                wf_textures
                0x00000000008dbcf0                lakitu_toad_mips_boo
                0x0000000000a8e840                jrb_segment7
                0x00000000008f84a0                doors_trees_coins
                0x0000000000ac8c00                castle_grounds_level
                0x00000000008dc2f0                chillychief_moneybag
                0x0000000000800000                main_entry
                0x0000000000864d00                bookend_chair_piano_boo
                0x000000000085ce00                spindrift_penguin_blizzard
                0x000000000091a840                main_menu_level
                0x0000000000a82780                sl_level
                0x0000000000adf880                secret_aquarium_segment7
                0x00000000008492a0                klepto_eyerock_pokey
                0x000000000094ae90                wdw_skybox
                0x0000000000829fa0                owl_thwomp_bullet_heave
                0x0000000000b433f0                bits_platform_segment7
                0x0000000000ae0b90                bits_segment7
                0x0000000000ad5bb0                bifs_segment7
                0x0000000000b33420                wing_cap_segment7
                0x00000000009b5150                ccm_textures
                0x0000000000b423c0                bifs_platform_segment7
                0x0000000000a79e80                sl_segment7
                0x0000000000a70100                bob_segment7
                0x0000000000976390                bidw_skybox
                0x00000000009203c0                main_level_scripts
                0x000000000096f870                bbh_skybox
                0x000000000083d340                sea_creatures
                0x0000000000b389b0                bidw_platform_level
                0x00000000008bae90                skeeter_fish_manta_chest
 *(.rodata)
 *(.data)
 .data          0x0000000000b607f0        0x0 build/sm64.o
 *(.MIPS.abiflags)
                0x0000000000b607f0                . = ALIGN (0x10)

.behavior       0x0000000013000000    0x9f810 load address 0x0000000000b607f0
 FILL mask 0x01
 *(.behavior)
 .behavior      0x0000000013000000     0x56c0 build/sm64.o
                0x00000000130056c0                behavior_data_end
                0x0000000013000000                behavior_data
                0x00000000000056c0                behavior_length = (. - 0x13000000)
                0x000000001309f810                . = (0x400000 - SIZEOF (.rodata))
 *fill*         0x00000000130056c0    0x9a150 01
                0x0000000000b607f0                __load_behavior_data = LOADADDR (.behavior)
                0x0000000000b65eb0                __load_behavior_data_end = (LOADADDR (.behavior) + behavior_length)

.text8016F000   0x000000008016f000   0x5ad200 load address 0x000000000021f4c0
 *(.text8016F000)
 .text8016F000  0x000000008016f000   0x5ad200 build/sm64.o
                0x000000008017ef0c                Unknown8017EF0C
                0x000000008018b2e8                dGetRMatrixPtr
                0x000000008019cd88                gdm_getpos
                0x0000000080190fa8                Unknown80190FA8
                0x0000000080180af0                Unknown80180AF0
                0x0000000080186e74                dSetInitPos
                0x00000000801a6f70                Unknown801A6F70
                0x0000000080192c10                Unknown80192C10
                0x0000000080187ab0                Unknown80187AB0
                0x000000008017e328                Unknown8017E328
                0x000000008017aa5c                Proc8017AA5C
                0x00000000801768e0                BehStarActSelectorLoop
                0x000000008019b53c                printf
                0x000000008019bb90                gd_allocblock
                0x0000000080173430                BehGreyButtonLoop
                0x00000000801758a0                SoundSelect
                0x000000008017f50c                Unknown8017F50C
                0x00000000801a5098                Unknown801A5098
                0x0000000080194f3c                Unknown80194F3C
                0x0000000080175238                FileConfirmations
                0x00000000801779dc                MakeMemBlock
                0x0000000080198514                Unknown80198514
                0x00000000801764e0                MenuSelect
                0x00000000801a4724                Unknown801A4724
                0x000000008019c4ec                gdm_setup
                0x0000000080198664                Unknown80198664
                0x000000008018cf70                restart_timer
                0x000000008019c3c8                Unknown8019C3C8
                0x000000008016f984                Geo18_8016F984
                0x0000000080184400                Unknown80184400
                0x000000008017f350                UnknownRecursive8017F350
                0x000000008018710c                dSetVelocity
                0x00000000801a5bd4                Unknown801A5BD4
                0x00000000801a24a0                Unknown801A24A0
                0x00000000801a338c                Unknown801A338C
                0x000000008019d3b8                InitRSP
                0x00000000801912e8                Unknown801912E8
                0x000000008018a9ec                dSetMaterial
                0x000000008017a7e4                Proc8017A7E4
                0x00000000801839b0                Unknown801839B0
                0x00000000801a6904                Proc801A6904
                0x000000008019b158                nextDisplayList
                0x00000000801982c4                Unknown801982C4
                0x0000000080187f54                Unknown80187F54
                0x000000008017a958                Proc8017A958
                0x000000008019c450                gdm_init
                0x000000008019acd8                Unknown8019ACD8
                0x000000008017c300                make_object
                0x00000000801a6138                Unknown801A6138
                0x0000000080179490                Proc80179490
                0x000000008018de1c                Unknown8018DE1C
                0x00000000801a6430                PutSprite
                0x0000000080184630                Unknown80184630
                0x000000008019a1a8                Proc8019A1A8
                0x0000000080177610                LevelProc_80177610
                0x00000000801981a8                Unknown801981A8
                0x000000008017b730                Unknown8017B730
                0x00000000801a3538                Unknown801A3538
                0x00000000801884d0                Unknown801884D0
                0x0000000080178dec                Unknown80178DEC
                0x00000000801923d4                Unknown801923D4
                0x000000008017a344                Proc8017A344
                0x0000000080173d64                PutString2
                0x000000008019bf80                Unknown8019BF80
                0x000000008017e430                UnknownRecursive8017E430
                0x000000008019353c                Proc8019353C
                0x0000000080178a40                Proc80178A40
                0x000000008017f704                Unknown8017F704
                0x000000008019b390                nextVpList
                0x000000008017b3dc                find_thisface_verts
                0x000000008017ec64                Unknown8017EC64
                0x000000008019cf44                alloc_displaylist
                0x00000000801998e8                Unknown801998E8
                0x0000000080170b1c                BehMenuGrowingButtonLoop
                0x000000008018b97c                Proc8018B97C
                0x0000000080195c44                Unknown80195C44
                0x000000008018ba40                Unknown8018BA40
                0x0000000080199fc8                Unknown80199FC8
                0x000000008019c828                gdm_unused
                0x000000008019b004                Unknown8019B004
                0x00000000801a5bf8                Unknown801A5BF8
                0x000000008018f60c                Unknown8018F60C
                0x000000008019b278                nextMtxList
                0x000000008019b0d0                dumpDispList
                0x0000000080189240                dSetScale
                0x0000000080170280                BehYellowBackgroundMenuInit
                0x00000000801a4564                Proc801A4564
                0x000000008017de80                show_details
                0x000000008019bc88                gd_malloc
                0x000000008019edc8                Unknown8019EDC8
                0x0000000080190b60                Unknown80190B60
                0x0000000080197230                Unknown80197230
                0x000000008016f670                Geo18_8016F670
                0x0000000080191ea0                Unknown80191EA0
                0x0000000080177710                __main__
                0x000000008018e660                Proc8018E660
                0x00000000801861b0                dSetNodeGroup
                0x000000008019b304                nextVtxList
                0x000000008017dc14                addto_group
                0x000000008018739c                Unknown8018739C
                0x0000000080187244                Unknown80187244
                0x00000000801997a0                Unknown801997A0
                0x0000000080191530                Unknown80191530
                0x000000008018b830                get_objvalue
                0x00000000801a45e0                gd_gentexture
                0x0000000080191500                Unknown80191500
                0x0000000080195b20                Unknown80195B20
                0x000000008017a010                drawscene
                0x000000008018d1a8                Unknown8018D1A8
                0x00000000801785dc                Draw_shape
                0x000000008018e16c                gd_fopen
                0x00000000801746f8                PutMessage
                0x0000000080190068                Unknown80190068
                0x0000000080179e08                Unknown80179E08
                0x000000008016f5b0                LevelProc_8016F5B0
                0x000000008018d5f0                imout
                0x000000008019c9f8                gdm_gettestdl
                0x00000000801a5a50                Unknown801A5A50
                0x00000000801702b8                BehYellowBackgroundMenuLoop
                0x00000000801839c4                Unknown801839C4
                0x000000008018b758                dSetSkinWeight
                0x000000008019243c                Unknown8019243C
                0x0000000080176b20                BehActSelectorInit
                0x000000008019164c                Unknown8019164C
                0x000000008018b9d8                Unknown8018B9D8
                0x0000000080198330                Unknown80198330
                0x0000000080191b5c                Unknown80191B5C
                0x0000000080195ed8                Unknown80195ED8
                0x00000000801a1c70                Unknown801A1C70
                0x000000008019e9f4                gd_startdisplist
                0x0000000080195a90                Unknown80195A90
                0x0000000080177518                Geo18_80177518
                0x000000008018be40                adjust_gadget
                0x000000008017aaf0                Proc8017AAF0
                0x0000000080174324                ClearFile
                0x0000000080191f94                Unknown80191F94
                0x000000008017c8e0                Unknown8017C8E0
                0x0000000080177bb8                Free
                0x0000000080188738                dSetWorldPos
                0x000000008017b654                Unknown8017B654
                0x000000008019c588                Unknown8019C588
                0x0000000080184bf8                dMakeobj
                0x00000000801a6f84                Unknown801A6F84
                0x000000008018114c                Unknown8018114C
                0x00000000801a4934                Unknown801A4934
                0x0000000080181720                Unknown80181720
                0x000000008018b8e8                Unknown8018B8E8
                0x00000000801939fc                Unknown801939FC
                0x000000008018d1f8                myPrint1
                0x00000000801a5538                gd_init
                0x000000008017b01c                Unknown8017B01C
                0x0000000080170aec                BehMenuGrowingButtonInit
                0x000000008018b5e8                dGetIMatrixPtr
                0x000000008017f014                Unknown8017F014
                0x000000008018fba8                Unknown8018FBA8
                0x0000000080181cc8                Unknown80181CC8
                0x0000000080184fc4                dAttachTo
                0x0000000080187794                dSetRelPos
                0x0000000080176df0                BehActSelectorLoop
                0x00000000801a35bc                Unknown801A35BC
                0x00000000801755a8                SaveMenu4
                0x0000000080178c5c                draw_material
                0x0000000080181b10                Unknown80181B10
                0x000000008018b3a4                dSetIMatrix
                0x000000008018a358                dSetParmp
                0x000000008017ee40                Unknown8017EE40
                0x00000000801839d8                Unknown801839D8
                0x0000000080199f84                Unknown80199F84
                0x00000000801a4468                _InitControllers
                0x0000000080173c6c                PutString1
                0x00000000801900c8                Unknown801900C8
                0x000000008017da04                make_group
                0x000000008019387c                Unknown8019387C
                0x000000008017a900                Draw_group
                0x000000008019c684                gdm_maketestdl
                0x00000000801a3788                gd_setproperty
                0x000000008019c840                Unknown8019C840
                0x0000000080184828                dMakeNetFromShape
                0x00000000801799ac                Draw_Camera
                0x00000000801768a0                LevelProc_801768A0
                0x0000000080198294                Unknown80198294
                0x0000000080176688                Geo18_80176688
                0x00000000801766dc                LevelProc_801766DC
                0x000000008018ce0c                Unknown8018CE0C
                0x000000008018bc9c                set_objvalue
                0x00000000801a4c44                Unknown801A4C44
                0x000000008019f100                Unknown8019F100
                0x000000008019d42c                InitRDP
                0x0000000080179430                Unknown80179430
                0x000000008016fffc                Geo18_8016FFFC
                0x00000000801a5ed0                Unknown801A5ED0
                0x0000000080191638                Unknown80191638
                0x000000008019a0e0                Unknown8019A0E0
                0x000000008017a690                Proc8017A690
                0x0000000080191360                Unknown80191360
                0x00000000801a5c20                Unknown801A5C20
                0x0000000080190054                Unknown80190054
                0x000000008018a590                dSetType
                0x000000008018cd9c                Unknown8018CD9C
                0x00000000801a5dc0                Unknown801A5DC0
                0x000000008018cea0                start_timer
                0x00000000801983f8                Unknown801983F8
                0x0000000080173fd4                SaveMenu
                0x0000000080172d70                BehGreyButtonInit
                0x000000008018ed28                Proc8018ED28
                0x0000000080191d38                Unknown80191D38
                0x0000000080186cdc                dEndGroup
                0x00000000801a5bc0                Unknown801A5BC0
                0x00000000801a36b4                gd_shading
                0x00000000801777f8                Unknown801777F8
                0x00000000801936dc                Unknown801936DC
                0x0000000080191a34                Unknown80191A34
                0x000000008019787c                Unknown8019787C
                0x000000008018b210                dSetRMatrix
                0x0000000080182dc4                Unknown80182DC4
                0x00000000801a451c                Proc801A451C
                0x0000000080186bfc                dUseObj
                0x000000008018ef9c                Unknown8018EF9C
                0x000000008018cc54                get_timernum
                0x0000000080185a18                chk_shapegen
                0x0000000080191964                Unknown80191964
                0x000000008019b514                Unknown8019B514
                0x000000008019c874                Proc8019C874
                0x0000000080194acc                Unknown80194ACC
                0x000000008017900c                Unknown8017900C
                0x00000000801743ac                SaveMenu2
                0x00000000801a3434                Unknown801A3434
                0x0000000080181e54                Unknown80181E54
                0x000000008019af04                Unknown8019AF04
                0x000000008019ed0c                Unknown8019ED0C
                0x000000008017ebd4                Unknown8017EBD4
                0x000000008019c59c                Unknown8019C59C
                0x00000000801a5484                Unknown801A5484
                0x000000008017b088                Unknown8017B088
                0x000000008018d298                myPrintf
                0x000000008018bd54                Unknown8018BD54
                0x0000000080198728                Unknown80198728
                0x00000000801a676c                proc_dyn_list
                0x000000008019be14                Unknown8019BE14
                0x00000000801971a8                Unknown801971A8
                0x0000000080184efc                dAttach
                0x000000008017831c                Unknown8017831C
                0x000000008017a44c                Proc8017A44C
                0x0000000080176fc4                ShowSomeNum
                0x000000008017b764                UpdateView
                0x000000008019c3b0                Unknown8019C3B0
                0x0000000080181c20                Unknown80181C20
                0x000000008018b0fc                dSetMatrix
                0x00000000801780b0                MemStats
                0x000000008019bdc8                Unknown8019BDC8
                0x000000008018c0f4                Unknown8018C0F4
                0x00000000801a5d64                Unknown801A5D64
                0x000000008017b608                Unknown8017B608
                0x000000008018973c                dAddValPtr
                0x00000000801a6954                Unknown801A6954
                0x000000008018c550                Unknown8018C550
                0x0000000080188624                Unknown80188624
                0x0000000080180764                Unknown80180764
                0x000000008018a828                dSetColNum
                0x000000008019c240                setup_timers
                0x0000000080188ab0                Unknown80188AB0
                0x00000000801a4550                Proc801A4550
                0x0000000080178d90                Unknown80178D90
                0x0000000080177560                LevelProc_80177560
                0x00000000801a48f8                Unknown801A48F8
                0x000000008016fe70                Geo18_8016FE70
                0x0000000080179768                Proc80179768
                0x000000008019b1e4                nextLightList
                0x000000008017e370                gd_loadtexture
                0x00000000801a371c                gd_getproperty
                0x000000008019bb2c                Unknown8019BB2C
                0x00000000801839f4                Unknown801839F4
                0x00000000801a1fb0                Unknown801A1FB0
                0x000000008019eb44                gd_enddisplist
                0x0000000080198584                Unknown80198584
                0x00000000801a5250                Proc801A5250
                0x00000000801798ac                Proc801798AC
                0x0000000080179120                draw_face
                0x00000000801749b0                SaveMenu3
                0x000000008019abf8                load_shapes2
                0x000000008018837c                UnknownRecursive8018837C
                0x0000000080179c0c                Unknown80179C0C
                0x0000000080183708                Unknown80183708
                0x000000008018b4d4                dGetMatrixPtr

.text80246000   0x0000000080246000    0xf4580 load address 0x0000000000001000
 *(.text80246000)
 .text80246000  0x0000000080246000    0xf4580 build/sm64.o
                0x0000000080324194                __ll_lshift
                0x000000008029762c                CutSceneIntroPeach4
                0x00000000802b23e0                BehPoundExplodesLoop
                0x0000000080290f1c                CutScenePeachEnd3
                0x00000000803252d8                Unknown803252D8
                0x00000000802e3654                RenderHudHp
                0x00000000802a5a44                ActionMrIParticle1
                0x00000000802968a0                CutSceneBBHExitSuccess0
                0x00000000802edacc                BehLargeRockEyesInit
                0x00000000802efef4                BehPyramidElevatorLoop
                0x0000000080290474                Unknown80290474
                0x000000008028e3b8                CameraInside0E
                0x00000000803295d8                Unknown803295D8
                0x000000008032ae70                osDestroyThread
                0x0000000080294ee8                CutSceneBBHDeath
                0x000000008027f4e0                uncompress
                0x00000000802ad8f0                ActionElevator0
                0x0000000080248638                DealWithPads
                0x00000000802c0348                ActionFishGroup2
                0x00000000802a2674                Unknown802A2674
                0x00000000802c1a80                BehSushiSharkCollisionLoop
                0x00000000802a8630                BehBubbleWaveInit
                0x00000000802bc22c                BehSinkWhenSteppedOnLoop
                0x00000000802ac3a8                BehPunchTinyTriangleLoop
                0x000000008024f5cc                InteractionCanBePunched
                0x0000000080285ed8                CameraChange0A
                0x0000000080309154                BehSnowmanSnowballLoop
                0x00000000802f17f0                BehBigBoulderGeneratorLoop
                0x00000000802b0614                BehTreeSnowOrLeafLoop
                0x000000008030c98c                BehBookSwitchLoop
                0x0000000080291514                CutScenePeachEnd7
                0x0000000080309454                BehOctagonalPlatformRotatingInit
                0x0000000080322800                osRecvMesg
                0x000000008029f6bc                UnHideObject
                0x000000008030d640                BehSmallPiranhaFlameLoop
                0x0000000080321864                Unknown80321864
                0x0000000080321398                Unknown80321398
                0x0000000080322f70                osCreateViManager
                0x000000008030cddc                BehPiranhaPlantInit
                0x00000000802a2644                MoveObj2
                0x00000000802c6348                BehCastleFloorTrapLoop
                0x000000008030a11c                BehCannonLoop
                0x00000000802b25ac                BehBetaTrampolineLoop
                0x00000000802a8064                BehKingBobombLoop
                0x00000000802b6568                ActionBowser3
                0x00000000802c1a40                BehBowsersSubLoop
                0x00000000802cb264                BehMarioLoop3
                0x00000000802a870c                BehBubbleMaybeLoop
                0x00000000802d28cc                Geo18_802D28CC
                0x0000000080246648                SendSPTaskDone
                0x00000000802923b8                CutSceneStarDance802923B8
                0x00000000802ff96c                BehGoombaWalkLoop
                0x00000000802ba458                BehDoorKey2Loop
                0x0000000080329780                __osSetCompare
                0x00000000802d69f8                addchar_displist
                0x00000000802b6ee0                ActionBowser19
                0x00000000802f6228                BehBreakableBox2Loop
                0x00000000802ac2ec                BehGoldenCoinSparklesLoop
                0x00000000802bf1d8                ActionTuxiesMother0
                0x00000000802bdbe4                ActionToxBox1
                0x00000000802c1a90                BehSushiSharkLoop
                0x0000000080311874                BehMultipleBirdsFlyingLoop
                0x000000008030aabc                BehUnagiSubobjectLoop
                0x00000000802942f0                CutSceneSpecialStarSpawn0
                0x00000000802471a4                myRspInit
                0x00000000802ec9b8                BehAirBubbleWaterRingsUnderwaterInit
                0x0000000080249500                Thread4
                0x00000000802783e8                PushPoolState
                0x00000000802aeea4                BehBetaMovingFlamesLoop
                0x000000008028e674                CameraBBH15
                0x00000000802e742c                BehBobombLoop
                0x00000000802be278                ActionPiranhaPlant28
                0x00000000803283f0                __osPiCreateAccessQueue
                0x0000000080292038                CutSceneGrandStar80292038
                0x000000008030b658                BehHauntedChairInit
                0x000000008028e8a0                CameraBBH34
                0x00000000802aaf48                BehUnused080CInit
                0x0000000080292484                CutSceneStarDance80292484
                0x00000000802b04b4                BehTowerPlatformGroupLoop
                0x00000000802bc728                BehFloatingWoodBridgeLoop
                0x00000000802acac8                BehDoorLoop
                0x00000000802ff408                BehGoombaWalkInit
                0x00000000802f15a8                BehBigBoulderInit
                0x00000000802b1b2c                BehBreakableBoxLoop
                0x00000000802cb394                Unknown802CB394
                0x0000000080305100                BehPlatformOnTracksInit
                0x00000000802ab650                BehTempCoinInit
                0x00000000803251d8                Unknown803251D8
                0x0000000080327d68                __osDispatchThread
                0x0000000080292a4c                CutSceneStarDance80292A4C
                0x000000008024bd5c                LevelProc_8024BD5C
                0x00000000802b0974                BehSnowLeafParticleSpawnInit
                0x000000008029720c                CutSceneUnlockKeyDoor8029720C
                0x00000000802c51d4                BehBooWithCageLoop
                0x00000000802c5f48                BehInsideCannonLoop
                0x00000000802d1b70                Geo18_802D1B70
                0x000000008029695c                CutSceneNonPaintingDeath8029695C
                0x00000000802d2520                Geo18_802D2520
                0x00000000802ed78c                BehRockFormationEyesInit
                0x00000000802912b8                CutScenePeachEnd802912B8
                0x00000000802be234                ActionPiranhaPlant27
                0x0000000080296f70                Unknown80296F70
                0x00000000802b394c                ActionBulletBill2
                0x00000000802bdb3c                ActionToxBox5
                0x00000000802af7c4                BehBowserShockWave
                0x00000000802b2dac                ActionBetaBooKeyInside2
                0x000000008030dc70                BehSnufitLoop
                0x000000008029665c                CutSceneExitSuccess8029665C
                0x00000000802f79b0                BehOscillatingPendulumLoop
                0x0000000080329750                __osAiDeviceBusy
                0x0000000080294d48                CutSceneDeath80294D48
                0x00000000802afee8                BehWfSolidPlatformLoop
                0x000000008028eae8                CameraBBH21
                0x00000000802ed62c                BehLllTiltingBridgeLoop
                0x00000000802c1e10                BehJrbSlidingBox
                0x0000000080324690                osEepromLongRead
                0x00000000802f45f0                Beh1UpJumpOnApproachLoop
                0x0000000080278120                _pool_alloc
                0x000000008029576c                CutScene26Todo8029576C
                0x00000000803241fc                __ll_div
                0x00000000802aeb1c                ActionLittleCage2
                0x000000008031274c                BehHauntedRoomCheckSubobjectLoop
                0x0000000080292a80                CutSceneStarDance3
                0x00000000802edb2c                BehLargeRockEyesLoop
                0x00000000802f0a40                BehSnowmansBottomInit
                0x0000000080246c10                SendDisplayList
                0x0000000080297748                CutSceneIntroPeach80297748
                0x0000000080293354                CutSceneKeyDance80293354
                0x000000008029fb68                Unknown8029FB68
                0x00000000802dbe68                PauseScreen2
                0x00000000802f30f0                BehHiddenStarLoop
                0x0000000080293dd4                CutScene80293DD4
                0x00000000802f3014                BehHiddenStarInit
                0x00000000802db08c                RenderHudCannonReticle
                0x0000000080324288                __ull_divremi
                0x000000008029f620                HideObject
                0x00000000802ad078                ActionGrindelThwomp4
                0x00000000802f7c9c                BehTreasureChestBottomInit
                0x0000000080291870                CutScenePeachEndA
                0x000000008029669c                CutSceneExitBowserSuccess8029669C
                0x000000008029784c                CutSceneIntroPeach2
                0x00000000802c3684                BehBooGroupInit
                0x000000008029f148                CopyObjRotation
                0x00000000802bdb04                ActionToxBox4
                0x00000000802b3be0                BehBulletBillLoop
                0x00000000802d104c                Geo18_802D104C
                0x0000000080307ae4                BehClockPlatformInit
                0x0000000080300e40                BehChainChompLoop
                0x00000000802a9f54                ActionChuckya3
                0x00000000802a8dc0                ActionOpenedCannon0
                0x000000008028e0ec                CameraInside20
                0x000000008029f120                CopyObjPosition
                0x00000000802931c0                CutSceneKeyDance802931C0
                0x00000000802937e8                CutSceneEnterBowserPlatform802937E8
                0x00000000802f2f2c                BehRedCoinLoop
                0x0000000080278ab8                SimpleAllocate
                0x00000000802c7d90                BehGfxInit
                0x00000000802ac78c                BehPoundTinyStarParticleLoop
                0x0000000080291774                CutScenePeachEnd9
                0x00000000802b3d74                BehBowserTailAnchorLoop
                0x0000000080296d60                CutSceneCapSwitchPress80296D60
                0x000000008029db48                GeoSwitchCase8029DB48
                0x00000000802f2c84                BehHiddenRedCoinStarInit
                0x00000000802f496c                Beh1UpHiddenTreePoleLoop
                0x00000000802c329c                BehTweesterLoop
                0x0000000080257060                BehEndPeachLoop
                0x0000000080293cb0                CutSceneStarSpawn1
                0x000000008024fa60                InteractionCanHang
                0x00000000802b4f00                ActionBowser16
                0x00000000802c48c0                ActionBooGivingStar0
                0x0000000080293f2c                CutSceneFallToCastleGrounds80293F2C
                0x0000000080277d6c                Geo18_80277D6C
                0x00000000802977c8                CutSceneIntroPeach802977C8
                0x0000000080291f18                CutSceneGrandStar80291F18
                0x00000000802d8b34                Int2Str
                0x000000008029142c                CutScenePeachEnd6
                0x0000000080328840                osEPiRawReadIo
                0x00000000802b38b8                ActionBulletBill1
                0x0000000080328dac                __osEepStatus
                0x00000000802c72b4                ActionWhomp4
                0x00000000802a2b6c                Unknown802A2B6C
                0x00000000802904a8                CutSceneIntroPeach802904A8
                0x00000000802db498                PrintAnimatedRedCoin
                0x00000000802b8c38                BehFlameFloatingLandingLoop
                0x00000000802e82b0                BehBubblesLoop
                0x00000000802f6448                BehSnowMoundSpawnLoop
                0x00000000802ba8c4                Unknown802BA8C4
                0x0000000080296f38                CutSceneCapSwitchPress80296F38
                0x00000000802943d4                CutSceneSpecialStarSpawn1
                0x00000000802c31c4                ActionTweester2
                0x00000000802be350                ActionPiranhaPlant22
                0x000000008030d93c                Geo18_8030D93C
                0x00000000802a6518                ActionMrI2
                0x00000000802a1774                Unknown802A1774
                0x00000000802957c8                CutScene26Todo_1
                0x0000000080290440                CutScene26Todo_0
                0x0000000080292324                CutSceneStarDance80292324
                0x00000000802a5d4c                ActionMrI3
                0x00000000802bc898                BehVolcanoFlamesLoop
                0x00000000802c4c70                ActionBooGivingStar3
                0x00000000802c0be0                BehBirdChirpChirpLoop
                0x00000000802947a4                CutScenePrepareCannon802947A4
                0x00000000802ac4a0                BehPunchTinyTriangleInit
                0x00000000802c0d44                ActionCheepCheep1
                0x0000000080294ea8                CutSceneBBHDeath80294EA8
                0x0000000080290f8c                CutScenePeachEnd1
                0x0000000080328590                __osDevMgrMain
                0x00000000802c0f90                ActionCheepCheep2
                0x00000000802f20ac                BehMetalCapLoop
                0x00000000802462e0                AllocPool
                0x00000000802c4508                ActionBoo5
                0x0000000080301180                BehChainChompFreedExplosionLoop
                0x00000000803131e8                BehWaterWaveTypeLoop
                0x00000000802d7b84                PutString
                0x00000000802826a0                CameraChange0B
                0x00000000802f7978                BehOscillatingPendulumInit
                0x0000000080290c30                CutScene0FTodo_1
                0x00000000802f4248                Beh1UpRunningAwayLoop
                0x00000000802461dc                Dummy802461DC
                0x000000008024fb30                InteractionNothing
                0x00000000802baec4                ActionUkikiOpenCage5
                0x00000000802b459c                Unknown802B459C
                0x00000000802b7c64                GeoSwitchCase802B7C64
                0x000000008028e63c                CameraBBH1314
                0x0000000080277fa8                MakePtr
                0x0000000080294024                CutSceneSpecialStarSpawn80294024
                0x00000000803079c8                BehPushableClockBoxLoop
                0x0000000080299404                CutSceneDoorAB_2
                0x000000008028dc70                CameraSL01
                0x00000000802c12c0                BehRotatinExclamationBoxLoop
                0x0000000080327640                __osExceptionPreamble
                0x000000008030bc90                BehHauntedChairLoop
                0x0000000080293b70                CutSceneStarSpawn80293B70
                0x00000000803230f4                __osViDevMgrMain
                0x00000000802b8960                BehFlameMovingForwardGrowingInit
                0x00000000802f2140                BehNormalCapInit
                0x00000000802b1d7c                ActionHeaveHo1
                0x00000000802e8f68                BehButterflyInit
                0x0000000080327f30                __osSpSetStatus
                0x00000000802a7b1c                ActionKingBobomb8
                0x00000000802bcda8                BehLllSlowTiltingMovementLoop
                0x00000000802b5218                ActionBowser12
                0x00000000802eaa10                BehWaterWaveInit
                0x00000000802e80dc                BehWhirlpoolDeathLoop
                0x00000000802976bc                CutSceneIntroPeach802976BC
                0x000000008024e9d0                InteractionBlowsAway
                0x000000008031cfd4                SetInstrument
                0x000000008029f464                SetObjAnimation
                0x0000000080297908                CutSceneIntroPeach3
                0x00000000802c79d8                BehWhompLoop
                0x0000000080293ae8                CutSceneStarSpawn80293AE8
                0x000000008028ec04                CameraCCM00
                0x00000000802a00ac                Unknown802A00AC
                0x000000008029410c                CutSceneSpecialStarSpawn8029410C
                0x0000000080324158                __ull_div
                0x00000000802ba1e0                BehWaterLevelPillarLoop
                0x0000000080290e00                CutScenePeachEnd2
                0x0000000080297384                CutSceneUnlockKeyDoor80297384
                0x00000000802c9840                Unknown802C9840
                0x00000000802efd8c                BehMovingUpAndDownLoop
                0x000000008028ec2c                CameraCCM01
                0x000000008028dbb4                CameraRR01
                0x0000000080246df8                Main
                0x0000000080290a5c                CutSceneEnterSomething80290A5C
                0x00000000802e395c                RenderHudTimer
                0x00000000802c0aac                ActionBirdChirpChirp0
                0x00000000802ffb38                BehChainChompChainsLoop
                0x00000000802b98fc                BehCheckerboardElevatorGroupInit
                0x0000000080248824                InitController
                0x00000000802992cc                CutSceneDoor3
                0x0000000080307760                BehRotatingGearPlatformInit
                0x000000008031950c                InitAudioSystem
                0x00000000802d0080                Geo18_802D0080
                0x0000000080296a64                CutSceneNonPaintingDeath80296A64
                0x0000000080298ba0                CutScene11Todo_0
                0x0000000080322c20                osSendMesg
                0x00000000802934d8                CutSceneEnterBowserPlatform802934D8
                0x0000000080323a50                sqrtf
                0x000000008030d8d4                BehFlyGuyFlameLoop
                0x00000000802f4b00                Beh1UpHiddenTreePoleTriggerLoop
                0x00000000802a8370                BehWaterAirBubbleInit
                0x00000000802a7b5c                ActionKingBobomb4
                0x00000000802771bc                GeoSwitchCase802771BC
                0x00000000802a7d14                ActionKingBobomb5
                0x0000000080295e24                CutSceneDialog80295E24
                0x00000000802c4dd4                ActionBooGivingStar4
                0x00000000802911c8                CutScenePeachEnd802911C8
                0x00000000802db3b8                ShadeScreen
                0x00000000802b7ef0                ActionFallingBowserPlatform1
                0x0000000080305c90                BehSolidMovingLoop
                0x000000008028e6c4                CameraBBH16
                0x00000000802bf90c                ActionSmallPenguin5
                0x00000000802aab54                BehFadingWarpLoop
                0x00000000802816a0                CameraChange02
                0x0000000080297b84                CutSceneEndWaving
                0x00000000802b2278                BehHeaveHoLoop
                0x00000000802aec40                BehBifsSinkingPlatformLoop
                0x00000000802c63e8                BehClimbDetectLoop
                0x00000000802c2190                BehWhitePuff1Loop
                0x00000000802474b8                ClearFrameBuffer
                0x0000000080328440                __osPiGetAccess
                0x00000000803236f0                osSetThreadPri
                0x0000000080277ff0                MovePtrTbl2Dmem
                0x000000008028e300                CameraInside1213
                0x0000000080317118                Unknown80317118
                0x0000000080328040                __osSpGetStatus
                0x00000000802f2e6c                BehRedCoinInit
                0x00000000803273f0                memcpy
                0x00000000802b58bc                ActionBowser10
                0x00000000802850ec                CameraChange090F
                0x000000008028e164                CameraInside1E
                0x00000000802d6554                PrintStr
                0x0000000080290eb0                CutScenePeachEnd80290EB0
                0x00000000802c53ec                BehAnimatedTextureLoop
                0x000000008030fff8                BehEyerokHandLoop
                0x0000000080306a38                BehRotatingClockPlatformLoop
                0x0000000080277824                Geo18_80277824
                0x000000008032511c                Unknown8032511C
                0x00000000802934b4                CutSceneEnterBowserPlatform802934B4
                0x000000008028daec                CameraRR02
                0x0000000080327eb0                osVirtualToPhysical
                0x000000008028eab0                CameraBBH1F20
                0x000000008029652c                CutSceneExitSuccess8029652C
                0x0000000080296bc8                CutSceneCapSwitchPress80296BC8
                0x00000000802bc590                ActionRotatingCwFireBars2
                0x000000008028e790                CameraBBH28
                0x00000000802959cc                Unknown802959CC
                0x00000000802b75a4                BehBowserLoop
                0x0000000080246b74                SendMessage
                0x00000000802b3810                BehBulletBillInit
                0x0000000080329150                osEepromRead
                0x000000008029f430                ScaleObject
                0x00000000802b15e8                BehPushableLoop
                0x0000000080282c28                Unknown80282C28
                0x00000000802ea6a8                BehBetaGreenShellInit
                0x00000000802efe64                BehPyramidElevatorInit
                0x00000000802a816c                BehBetaChestInit
                0x00000000802edf28                BehSlidingBrickPlatform2Loop
                0x00000000802c9ad8                UnknownRecursive802C9AD8
                0x00000000802e67dc                BehSeaweedBundleInit
                0x00000000802ae85c                BehPiranhaParticlesSpawnLoop
                0x00000000802a3e80                Unknown802A3E80
                0x00000000802e6114                BehMovingBlueCoinLoop
                0x00000000802ada4c                ActionElevator1
                0x00000000802c710c                ActionWhomp2
                0x00000000802f8490                BehMipsInit
                0x00000000802f2768                BehStarSpawnLoop
                0x0000000080295580                CutScene26Todo80295580
                0x00000000802bebfc                ActionBowserPuzzlePiece6
                0x00000000802be8a8                ActionBowserPuzzlePiece0
                0x0000000080312168                BehFinishLineCheckLoop
                0x00000000802beb54                ActionBowserPuzzlePiece3
                0x00000000802af1e8                BehFlamethrowerLoop
                0x00000000802942cc                CutSceneSpecialStarSpawn802942CC
                0x00000000802d75dc                addmini_displist
                0x00000000803118e4                BehRacingPenguinInit
                0x00000000802786f0                FixedCopy
                0x00000000802f0898                BehBirdsSoundLoop
                0x00000000802914cc                CutScenePeachEnd802914CC
                0x000000008028fe84                Unknown8028FE84
                0x0000000080293944                CutSceneEnterBowserPlatform0
                0x0000000080291074                CutScenePeachEnd80291074
                0x0000000080246e70                myRdpInit
                0x000000008028db38                CameraRR0305
                0x00000000802bb07c                ActionUkikiOpenCage1
                0x00000000802ed39c                BehStarCelebrationStarLoop
                0x00000000802af3fc                BehRrRotatingPlatformFireLoop
                0x0000000080290e74                CutScenePeachEnd80290E74
                0x00000000802c4720                ActionBoo3
                0x00000000802ca1e0                PlaySound2
                0x00000000802f2614                BehStarSpawnInit
                0x00000000802b2494                BehBetaTrampolineSpawnLoop
                0x00000000802763d4                Geo19_802763D4
                0x00000000802a8bc0                BehParticleLoop
                0x0000000080325640                Unknown80325640
                0x0000000080323a00                osViSwapBuffer
                0x00000000802bfbac                GeoSwitchCase802BFBAC
                0x00000000802c13ec                ActionExclamationBox1
                0x00000000802f3cc8                Beh1UpCommonInit
                0x0000000080294a94                CutScenePrepareCannon1
                0x000000008028cd94                Unknown8028CD94
                0x00000000802eef9c                BehMetalBallGeneratorLoop
                0x00000000802af448                BehBouncingFireballFlameLoop
                0x00000000803068c0                BehWaterBombShadowLoop
                0x00000000802ed40c                BehKeyGrabSparklesLoop
                0x000000008028def8                CameraSSL00
                0x00000000802a5aa0                BehMrIParticleLoop
                0x000000008029f3d0                ScaleXYZ
                0x00000000802a7160                ActionActivateCapSwitch3
                0x00000000802a6ee4                ActionActivateCapSwitch0
                0x00000000802a7020                ActionActivateCapSwitch1
                0x00000000802b1c54                BehHeaveHoThrowMarioLoop
                0x00000000802a7230                BehBobombAnchorMarioLoop
                0x00000000802ae238                BehWaterMist2Loop
                0x00000000802b3c2c                ActionBowserTailAnchor0
                0x0000000080298c2c                CutScene11Todo_1
                0x000000008024e7d4                InteractionSpin
                0x0000000080293c2c                CutSceneStarSpawn0
                0x00000000802ff214                BehGoombasGroupLoop
                0x00000000802e6098                BehMovingBlueCoinInit
                0x00000000802ef858                BehSpindelLoop
                0x00000000802963b8                CutSceneExitSuccess802963B8
                0x00000000802c503c                ActionBooWithCage1
                0x0000000080291354                CutScenePeachEnd5
                0x00000000802b2f34                ActionBetaBooKeyInside1
                0x0000000080291cd0                CutSceneGrandStar0
                0x00000000802c22b8                BehHiddenBlueCoinsLoop
                0x00000000802ecea0                BehSpikeyBombExplosion2Loop
                0x0000000080324080                osEepromProbe
                0x00000000802c26f8                BehOpenableGrillLoop
                0x00000000802461fc                SetupMessageQueues
                0x00000000802919dc                CutSceneGrandStar802919DC
                0x00000000802950b0                CutScene1ATodo802950B0
                0x0000000080307010                BehClockMetalPlatformLoop
                0x00000000802465ec                KickTask
                0x00000000802ab748                BehTempCoingLoop
                0x000000008024df10                InteractionWarpHole
                0x0000000080294088                CutSceneSpecialStarSpawn80294088
                0x00000000802b5fec                ActionBowser1
                0x00000000802926dc                CutSceneStarDance802926DC
                0x00000000802967c4                CutSceneExitNonPainting1
                0x000000008028e064                CameraRR08
                0x0000000080295670                CutScene26Todo80295670
                0x000000008024ead8                InteractionFlame
                0x00000000802a14fc                CheckObjBehavior
                0x00000000802bfcd8                ActionFish0
                0x0000000080294a14                CutScenePrepareCannon0
                0x0000000080326064                __osSetTimerIntr
                0x000000008029eaac                Unknown8029EAAC
                0x0000000080298ccc                CutSceneExitPainting1
                0x0000000080324c20                guOrthoF
                0x00000000802c0ba4                ActionBirdChirpChirp2
                0x0000000080320d70                Unknown80320D70
                0x000000008029758c                CutSceneIntroPeach8029758C
                0x0000000080306cc4                BehClockPendulumInit
                0x000000008028de90                CameraHMC04
                0x00000000802c834c                BehSnowmanWindBlowingLoop
                0x00000000802b288c                BehJumpingBoxLoop
                0x00000000802a9460                ActionOpenedCannon3
                0x00000000802ad238                ActionGrindelThwomp1
                0x00000000802b3600                BehBowserKey2Loop
                0x0000000080295310                CutSceneEnterPool80295310
                0x0000000080297290                CutSceneUnlockKeyDoor80297290
                0x00000000802aef1c                BehFlamethrowerFlameLoop
                0x00000000802a6cf4                BehThiTopTrapLoop
                0x0000000080305a58                BehPlatformOnTracksLoop
                0x0000000080322df0                osStartThread
                0x00000000802b8384                BehFallingBowserPlatformLoop
                0x000000008028e524                CameraBBH02_0C
                0x0000000080296c4c                CutSceneCapSwitchPress80296C4C
                0x0000000080280970                CameraChange0E
                0x00000000802ab70c                BehCollectableCoinLoop
                0x000000008030b2f4                BehDorrieLoop
                0x00000000802b3b24                ActionBulletBill4
                0x00000000802c1204                BehCheepCheepLoop
                0x0000000080294f58                CutSceneQuicksandDeath80294F58
                0x000000008032ae10                osSetIntMask
                0x000000008028da50                CameraRR04
                0x000000008029c254                BehIntroSceneLoop
                0x0000000080322640                osViSetEventMsg
                0x00000000803283e0                osGetCount
                0x0000000080297300                CutSceneUnlockKeyDoor80297300
                0x0000000080323cc0                osContInit
                0x00000000803094d0                BehOctagonalPlatformRotatingLoop
                0x00000000802bd488                BehKoopaShellFlameLoop
                0x00000000802bdbac                ActionToxBox7
                0x0000000080304fd4                BehMontyMoleRockLoop
                0x0000000080256cd8                Unknown80256CD8
                0x0000000080324460                osPiStartDma
                0x00000000802aa0ac                BehChuckyaLoop
                0x00000000802f8e54                BehYoshiInit
                0x00000000802bbb98                BehUkikiOpenCageInit
                0x00000000802469b8                Thread3_Main
                0x00000000802ee7e0                BehMoneybagTransformingLoop
                0x00000000803097a4                BehClimbableCageInit
                0x000000008024e8f0                InteractionFall
                0x000000008028e38c                CameraInside00
                0x00000000802991a8                CutSceneDoorWarp1
                0x00000000802eb104                BehBullyBossInit
                0x00000000802973b0                CutSceneUnlockKeyDoor0
                0x00000000802f62e4                BehSlidingSnowMoundLoop
                0x00000000802c2930                BehInitWaterLevelTriggerLoop
                0x00000000802a6c20                BehPoleInit
                0x0000000080324570                bzero
                0x00000000802d77dc                PrintGenericText
                0x00000000802980dc                CutSceneSlidingDoorsOpen802980DC
                0x00000000803260d8                __osInsertTimer
                0x00000000802948a0                CutScenePrepareCannon802948A0
                0x00000000802c0cd4                ActionCheepCheep0
                0x0000000080294cc4                CutSceneDeath80294CC4
                0x00000000802915d4                CutScenePeachEnd8
                0x000000008028e758                CameraBBH18
                0x0000000080327c80                __osEnqueueAndYield
                0x00000000802c5224                BehSpawnBigBooLoop
                0x0000000080278358                _pool_realloc
                0x00000000803240f0                __ull_rshift
                0x00000000802a16ac                Unknown802A16AC
                0x0000000080247b3c                CreateTaskStructure
                0x0000000080328010                __osSpDeviceBusy
                0x00000000802b26a4                ActionJumpingBox0
                0x00000000802ac5b4                BehWallTinyStarParticleLoop
                0x00000000802c6050                BehFloorTrapInCastleLoop
                0x00000000802bc0f0                BehHorizontalMovementLoop
                0x000000008024bcd8                LevelProc_8024BCD8
                0x00000000802b00e4                BehWfSlidingPlatformLoop
                0x00000000802cae9c                Unknown802CAE9C
                0x0000000080302910                BehSpinyLoop
                0x0000000080294c5c                CutSceneDeath1
                0x000000008024f4ac                InteractionDamage00000100
                0x00000000802f965c                BehYoshiLoop
                0x0000000080291924                CutScenePeachEndB
                0x000000008024dc28                InteractionStar
                0x0000000080293548                CutSceneEnterBowserPlatform80293548
                0x00000000802b84ac                BehFlameBowserInit
                0x0000000080307b58                BehClockPlatformLoop
                0x00000000802be50c                ActionPiranhaPlant24
                0x00000000802c7858                ActionWhomp8
                0x00000000802adf6c                BehElevatorLoop
                0x00000000802d01e0                Geo18_802D01E0
                0x000000008029dbd4                GeoSwitchCaseBlinking
                0x000000008024d16c                Unknown8024D16C
                0x0000000080325310                cosf
                0x000000008028de5c                CameraHMC03
                0x00000000802b44bc                ActionBowser6
                0x00000000802ea588                BehOwlLoop
                0x00000000802f0714                BehPyramidTopExplosionLoop
                0x00000000802ead3c                BehWhiteParticleWaterDropLoop
                0x0000000080294fec                CutSceneQuicksandDeath0
                0x00000000802787d8                UncIndexCopy
                0x00000000802b4478                ActionBowser5
                0x0000000080295418                CutSceneEnterPool0
                0x00000000802adfd8                BehWaterMistLoop
                0x00000000803242e8                __ll_mod
                0x0000000080324610                osInvalCache
                0x00000000802dc478                PauseScreen1
                0x0000000080277294                Geo18_80277294
                0x0000000080278504                DmaCopy
                0x000000008029244c                CutSceneStarDance8029244C
                0x00000000802dc15c                PauseCastleMenuBox
                0x00000000802bdd9c                ActionPiranhaPlant20
                0x00000000802b3cdc                ActionBowserTailAnchor1
                0x0000000080322c00                osSpTaskYield
                0x000000008024f1e0                InteractionDamage00400000
                0x000000008024de4c                InteractionWarpShrink
                0x00000000802b4ca4                ActionBowser15
                0x000000008029edcc                SpawnObj
                0x00000000802e7f70                BehWhirlpoolDeathInit
                0x00000000802a719c                Geo18_802A719C
                0x00000000802c1cd4                BehShipPart3Loop
                0x0000000080327d58                __osPopThread
                0x00000000802c6b6c                BehScuttlebugSpawnLoop
                0x00000000802c1c44                BehSunkenShipPartLoop
                0x00000000802c7cac                BehSurfaceWavesLoop
                0x00000000802a45e4                Geo18_802A45E4
                0x000000008028bd34                StopMario
                0x0000000080246cf0                Thread1_Idle
                0x000000008029040c                Unknown8029040C
                0x0000000080298af8                CutSceneExitPainting0
                0x0000000080248304                XformPadValues
                0x0000000080325070                osGetTime
                0x00000000803225a0                osCreateMesgQueue
                0x00000000802b2340                BehCcmTouchedStarSpawnLoop
                0x00000000802c19fc                BehPlaySound
                0x0000000080298254                CutSceneSlidingDoorsOpen80298254
                0x00000000802a1308                PreMoveObj
                0x00000000802ed498                BehBasculeBridgeLoop
                0x000000008024be14                LevelProc_8024BE14
                0x00000000802a1554                CheckObjBehavior2
                0x000000008028e930                CameraBBH393A
                0x00000000802ca230                Unknown802CA230
                0x0000000080296160                CutSceneReadMessage0
                0x00000000802969f8                CutScene1CTodo_0
                0x00000000802cacc8                Unknown802CACC8
                0x000000008029f3a8                CopyObjScaling
                0x000000008024e6ec                InteractionCannon
                0x0000000080327f80                __osSpRawStartDma
                0x0000000080325010                guPerspective
                0x0000000080302154                BehWigglerLoop
                0x0000000080328740                __osSiRawReadIo
                0x00000000802ac2c0                BehCoinSparklesLoop
                0x000000008028e9d8                CameraBBH1C
                0x00000000802f8158                BehTreasureChestJrbInit
                0x00000000802ed45c                BehSomeWhitePuffLoop
                0x00000000802ecba4                BehAirBubbleWaterRingsUnderwaterLoop
                0x00000000802b9034                BehFlameBouncingInit
                0x0000000080290d90                CutScenePeachEnd0
                0x00000000802a0568                DeactivateObject
                0x000000008028eb88                CameraBBH23
                0x000000008030d598                BehFireSpewerLoop
                0x0000000080280810                CameraChange01
                0x00000000802d1cdc                Geo18_802D1CDC
                0x00000000802984a0                CutSceneEnterPainting802984A0
                0x0000000080313294                BehPendulumMovementLoop
                0x00000000802ef34c                BehRollingMetalBallInit
                0x00000000802b27d8                ActionJumpingBox1
                0x00000000802ca190                PlaySound
                0x00000000802a5034                Unknown802A5034
                0x00000000803247d0                osEepromLongWrite
                0x000000008028e594                CameraBBH0D_OF
                0x00000000802ef66c                BehFlappingWingLoop
                0x00000000802ac294                BehCoinInsideBooLoop
                0x0000000080246000                EntryPoint
                0x0000000080246050                Unknown80246050
                0x00000000802e8388                BehAmp2Init
                0x00000000802775cc                Geo18_802775CC
                0x0000000080291e84                CutSceneGrandStar80291E84
                0x00000000802aebc8                BehSquishablePlatformLoop
                0x0000000080292400                Unknown80292400
                0x00000000802b4be8                ActionBowser0
                0x0000000080294f94                CutSceneQuicksandDeath80294F94
                0x00000000802b6190                ActionBowser2
                0x00000000802bdc7c                ActionToxBox2
                0x000000008024f134                Unknown8024F134
                0x0000000080297a64                CutSceneIntroPeach0
                0x0000000080295e8c                CutSceneDialog0
                0x00000000802ad580                ActionTumblingBridge1
                0x00000000802c15b8                ActionExclamationBox3
                0x00000000802f4710                Beh1UpHiddenLoop
                0x00000000802a1c68                Unknown802A1C68
                0x00000000802b921c                BehBlueFlamesGroupLoop
                0x000000008030ea9c                BehEyerokBossLoop
                0x00000000802c7d40                BehWaterSurfaceWhiteWaveInit
                0x000000008028ebc0                CameraBBH3536
                0x0000000080291b68                CutSceneGrandStar80291B68
                0x00000000802fd950                BehWavingKoopaFlagLoop
                0x0000000080297560                CutSceneIntroPeach80297560
                0x00000000803098c0                BehClimbableCageLoop
                0x00000000803258d0                guRotateRPYF
                0x0000000080313fc0                BehThreeButterfliesLoop
                0x00000000802a1960                Unknown802A1960
                0x00000000802afae4                BehBlackSmokeMarioLoop
                0x00000000802f328c                BehBowserCourseRedCoinStarLoop
                0x000000008032ace0                __osSyncPutChars
                0x00000000802ecd0c                BehSpikeyBombExplosion1Loop
                0x00000000802ecc14                BehBowserBombLoop
                0x0000000080293e7c                CutSceneExitWaterfall0
                0x000000008024dbf0                InteractionHealth
                0x000000008029a81c                Unknown8029A81C
                0x00000000802960b0                Unknown802960B0
                0x00000000802bc660                BehLllWoodPieceLoop
                0x00000000802b8e7c                BehBlueBowserFlameLoop
                0x00000000802e6a2c                BehBobombInit
                0x00000000802f45b8                Beh1UpLoop
                0x00000000802c1308                ActionExclamationBox0
                0x00000000802b1ae0                BehHiddenObjectLoop
                0x0000000080295fd8                CutSceneDialog2
                0x00000000802ff040                BehFlyGuyLoop
                0x0000000080290938                Unknown80290938
                0x00000000802917e4                CutScenePeachEnd802917E4
                0x00000000802d404c                Print2
                0x000000008028dec4                CameraHMC05
                0x00000000802c76d4                ActionWhomp6
                0x000000008027ff00                Unknown8027FF00
                0x00000000802b0df0                BehPiranhaPlantBubbleLoop
                0x00000000802bca74                BehLllRotatingPlatformLoop
                0x00000000803136cc                BehDddYellowPolesInit
                0x0000000080292164                CutSceneGrandStar1
                0x0000000080288e68                ChangeCameraStatus
                0x0000000080292370                CutSceneStarDance80292370
                0x00000000802d89b8                ShowCoins
                0x0000000080292d80                CutSceneStarDance80292D80
                0x00000000802abf0c                BehCoinFormationLoop
                0x0000000080291b18                CutSceneGrandStar80291B18
                0x00000000803223e0                osMapTLB
                0x000000008029819c                CutSceneSlidingDoorsOpen8029819C
                0x0000000080293bf4                CutSceneStarSpawn80293BF4
                0x00000000802a5460                Unknown802A5460
                0x00000000802b329c                BehGrandStarLoop
                0x00000000803274f0                __osRestoreInt
                0x0000000080295894                CutScene26Todo_2
                0x00000000802b1ff4                ActionHeaveHo3
                0x00000000802ae360                BehUnused0E40Init
                0x000000008029bf64                BehEndBirds2Loop
                0x00000000802cd1e8                Geo18_802CD1E8
                0x00000000802b1278                BehFloorSwitchLoop
                0x000000008028cb08                Unknown8028CB08
                0x0000000080295518                CutScene26Todo80295518
                0x000000008029f070                Unknown8029F070
                0x00000000802c6d6c                ActionWhomp0
                0x000000008029d924                Geo18_8029D924
                0x00000000802f4eb4                BehControllablePlatformInit
                0x00000000802936dc                CutSceneEnterBowserPlatform802936DC
                0x00000000802a7598                ActionKingBobomb3
                0x00000000803223b0                osSetTime
                0x00000000802ad76c                ActionTumblingBridge2
                0x00000000802904e4                CutSceneIntroPeach802904E4
                0x00000000802770a4                Geo18_802770A4
                0x00000000802c5fdc                BehPlayMusicTrackWhenTouchedLoop
                0x00000000802f0788                BehCollisionBoxSubBehaviorLoop
                0x0000000080277150                GeoSwitchCase80277150
                0x000000008024b940                Unknown8024B940
                0x0000000080281904                CameraChange0C
                0x000000008028df6c                CameraSSL03
                0x00000000802cb564                Unknown802CB564
                0x00000000802ba25c                BehInvisibleObjUnderBridge
                0x00000000802efcd0                BehMovingUpAndDownInit
                0x00000000802baf10                ActionUkikiOpenCage6
                0x00000000803232d0                osViSetMode
                0x00000000802bf760                ActionSmallPenguin0
                0x0000000080328484                __osPiRelAccess
                0x00000000802b9e94                BehDddWarpLoop
                0x00000000802a8d48                BehWaterWavesInit
                0x00000000802c46d8                ActionBoo2
                0x000000008030c8ec                BehBookshelfThingLoop
                0x0000000080293d90                CutSceneExitWaterfall80293D90
                0x00000000802b0bec                BehSquarishPathMovingLoop
                0x00000000802eaad0                BehExplosionLoop
                0x000000008024ee44                InteractionBully
                0x00000000803237d0                osInitialize
                0x00000000802bce58                BehLllSlowUpDownMovementLoop
                0x000000008024b390                Proc8024B390
                0x00000000803241c0                __ll_rem
                0x00000000802ad34c                BehGrindelThwompLoop
                0x00000000802c7998                ActionWhomp9
                0x0000000080306d38                BehClockPendulumLoop
                0x00000000802f83a4                BehTreasureChestLoop
                0x000000008032411c                __ull_rem
                0x00000000802a113c                Unknown802A113C
                0x000000008029ca58                BehMarioLoop2
                0x0000000080303744                BehFwooshFaceLoop
                0x00000000802962c8                CutSceneReadMessage1
[...]
                0x00000000802987b0                CutSceneExitPainting802987B0
                0x00000000802c50d8                ActionBooWithCage2
                0x000000008029f1b0                Unknown8029F1B0
                0x0000000080328720                __osGetSR
                0x000000008028e7c8                CameraBBH29
                0x00000000802b798c                Geo18_802B798C
                0x0000000080287d30                Geo0F_80287D30
                0x0000000080325bd4                alBnkfNew
                0x0000000080329550                guMtxIdentF
                0x00000000802c263c                BehBobHmcCageDoorLoop
                0x00000000802a821c                BehBetaChestUpperLoop
                0x00000000803225d0                osSetEventMsg
                0x0000000080299360                CutSceneDoor4
                0x000000008029386c                CutSceneEnterBowserPlatform1
                0x00000000802f120c                BehSnowmansHeadInit
                0x00000000802c43f4                ActionBoo0
                0x00000000802a6b7c                BehMrILoop
                0x0000000080299100                CutSceneDoor0
                0x00000000802e5f64                BehCoinInsideFormationLoop
                0x00000000802e3744                RenderHudMarioLives
                0x000000008031326c                BehPendulumMovementInit
                0x00000000802ed7fc                BehRockFormationEyesLoop
                0x0000000080285808                CameraChange06
                0x00000000802f2b88                CreateStar
                0x000000008028e714                CameraBBH17
                0x00000000802a6ad8                ActionMrI0
                0x000000008029184c                CutScenePeachEnd8029184C
                0x0000000080291654                CutScenePeachEnd80291654
                0x00000000802ec1b0                BehAirBubbleWaterRingsInit
                0x00000000802ae48c                BehGroundSnowInit
                0x00000000802f44c0                Beh1UpSlidingLoop
                0x00000000802a8b18                BehParticleInit
                0x00000000802a6d64                BehThiTinyTopLoop
                0x00000000802a8c88                BehSmallBubblesLoop
                0x00000000802776d8                GeoSwitchCase802776D8
                0x00000000802e7c90                BehCannonTrapDoorInit
                0x00000000802a81e8                BehBetaChestLoop
                0x00000000802a9708                BehChuckyaAnchorMarioLoop
                0x0000000080303028                BehEvilLakituLoop
                0x00000000802aa97c                BehKoopaShellUnderwaterLoop
                0x0000000080313530                BehDonutPlatformLoop
                0x0000000080329450                guMtxF2L
                0x00000000802f7348                BehFallingPillarInit
                0x00000000802b89ec                BehFlameMovingForwardGrowingLoop
                0x0000000080290a90                Unknown80290A90
                0x0000000080291964                CutSceneGrandStar80291964
                0x00000000802a83a0                BehWaterAirBubbleLoop
                0x000000008031eb00                SetSound
                0x00000000802473c8                DisplayFrameBuffer
                0x000000008030803c                BehMrBlizzardInit
                0x00000000802aa1b8                BehBreakableWallLoop
                0x00000000802c32e8                BehTweesterSandParticleLoop
                0x00000000802b2d10                BehBetaBooKeyOutsideLoop
                0x000000008027a8b0                Menu
                0x00000000802c4f30                BehBooGivingStarLoop
                0x00000000802924b8                CutSceneStarDance1
                0x00000000802c65c0                BehScuttlebugLoop
                0x00000000802eaa8c                BehExplosionInit
                0x000000008028dd48                CameraHMC00
                0x000000008028dfb4                CameraTHI00
                0x00000000802a04c0                SetModel
                0x000000008027868c                DynamicIndexCopy
                0x0000000080294db4                CutSceneDeath2
                0x00000000802a399c                BehDustSmokeLoop
                0x0000000080324de0                guPerspectiveF
                0x0000000080278074                InitMemPool
                0x0000000080293f70                CutSceneFallToCastleGrounds0
                0x00000000802adce4                ActionElevator4
                0x000000008030e14c                BehGrindel2Init
                0x00000000802adf98                BehWaterMistSpawnLoop
                0x00000000803288f0                __osSiGetAccess
                0x00000000802a7a60                ActionKingBobomb7
                0x00000000802bd058                BehTiltingPlatformLoop
                0x00000000802a73d8                ActionKingBobomb2
                0x000000008024e0c4                InteractionWarpDoor
                0x00000000802ad890                BehTumblingBridgeLoop
                0x00000000802aeab8                ActionLittleCage1
                0x00000000802ebc00                BehBullyInit
                0x00000000802975c4                CutSceneIntroPeach802975C4
                0x00000000802d1fa8                Geo18_802D1FA8
                0x0000000080294d88                Unknown80294D88
                0x000000008029a5bc                Unknown8029A5BC
                0x0000000080297c40                CutSceneCredits
                0x00000000802fe8b4                BehBatLoop
                0x00000000802afa0c                BehBlackSmokeBowserLoop
                0x00000000802d8a80                ShowStars
                0x00000000803224f0                proutSprintf
                0x00000000802e9764                BehOwlInit
                0x00000000802c0bc4                ActionBirdChirpChirp3
                0x0000000080290c44                CutScenePeachEnd80290C44
                0x00000000802f74dc                BehFallingPillarLoop
                0x0000000080307670                BehSlidingPlatformLoop
                0x0000000080322f40                osWriteBackDCacheAll
                0x00000000802b0d48                BehPiranhaPlantWakingBubblesLoop
                0x0000000080295480                CutScene26Todo80295480
                0x00000000802b8734                BehFlameBowserLoop
                0x0000000080317040                soundAlloc
                0x000000008024f55c                InteractionDamageNormal
                0x0000000080312200                BehShortcutCheckLoop
                0x00000000802b4d14                ActionBowser14
                0x000000008027795c                Geo1C_8027795C
                0x00000000802fd7f8                BehKoopaLoop
                0x000000008024ec54                InteractionDamage10000000
                0x00000000802c97d0                Unknown802C97D0
                0x00000000802d66c0                PrintXY
                0x0000000080291ab4                CutSceneGrandStar80291AB4
                0x0000000080295930                CutSceneEnterPyramidTop0
                0x0000000080298fe8                CutSceneEnterCannon0
                0x000000008028e55c                CameraBBH01
                0x00000000802bc618                BehRotatingCwFireBarsLoop
                0x00000000803094f8                BehFloorSwitchPressAnimationInit
                0x000000008027684c                BehToadMessageLoop
                0x00000000802be79c                BehBowserPuzzleLoop
                0x0000000080312248                BehHauntedRoomCheckLoop
                0x0000000080296da8                CutSceneCapSwitchPress80296DA8
                0x00000000802f1d64                BehWingCapInit
                0x0000000080320544                SetMusic
                0x00000000802a9d08                ActionChuckya1

.text80378800   0x0000000080378800   0x129f40 load address 0x00000000000f5580
 *(.text80378800)
 .text80378800  0x0000000080378800   0x129f40 build/sm64.o
                0x000000008037e8e8                LevelScript0D
                0x00000000803853ac                Behavior2B
                0x000000008037fb18                LevelScript3A
                0x00000000803840b4                Behavior29
                0x000000008037cb10                Unknown8037CB10
                0x0000000080385700                Behavior2D
                0x000000008037e2c4                LevelScript00
                0x000000008037b220                InitSceneGraphNodeLinks
                0x000000008037de94                GeoLayout19
                0x000000008037d4dc                GeoLayout1F
                0x000000008037dc10                GeoLayout14
                0x0000000080383ea0                Behavior35
                0x00000000803850cc                Behavior19
                0x000000008038024c                LevelScript32
                0x0000000080385af0                Behavior37
                0x000000008037f164                LevelScript21
                0x000000008037ea70                LevelScript10
                0x000000008037ff94                LevelScript39
                0x00000000803857e4                Behavior32
                0x000000008037e878                LevelScript0C
                0x000000008037eca4                LevelScript17
                0x000000008037cd60                GeoLayout00
                0x0000000080382294                Unknown80382294
                0x000000008037dcd4                GeoLayout15
                0x000000008037f994                LevelScript27
                0x000000008037e0b4                ProcessGeoLayout
                0x0000000080384554                Behavior07
                0x0000000080383e44                Unknown80383E44
                0x000000008037d55c                GeoLayout0D
                0x0000000080384450                Behavior05
                0x00000000803846d0                Behavior0E
                0x0000000080384188                Behavior0A
                0x000000008037ff14                LevelScript2F
                0x0000000080378800                Copy32BitTriple
                0x000000008037ee48                LevelScript1B
                0x00000000803801a0                LevelScript2D
                0x00000000803803ec                LevelScript38
                0x0000000080385084                Behavior1A
                0x0000000080380160                LevelScript2C
                0x000000008037d1d0                GeoLayout08
                0x000000008037fde4                LevelScript34
                0x000000008037def8                GeoLayout1A
                0x000000008037e988                LevelScript0E
                0x000000008038438c                Behavior04
                0x0000000080384164                Behavior1D
                0x000000008037f45c                LevelScript24
                0x0000000080384e9c                Behavior27
                0x000000008037d3a4                GeoLayout0A
                0x000000008037fe94                LevelScript2E
                0x0000000080384b90                Behavior17
                0x000000008037d0d0                GeoLayout07
                0x00000000803842e4                Behavior25
                0x000000008037eb98                LevelScript13
                0x000000008038475c                Behavior10
                0x000000008038007c                LevelScript2A
                0x00000000803856a0                Behavior2A
                0x0000000080384854                Behavior14
                0x000000008037e650                LevelScript08
                0x000000008037e7f8                LevelScript0B
                0x000000008037ea18                LevelScript0F
                0x000000008038039c                LevelScript37
                0x000000008038401c                Behavior2C
                0x000000008037d640                GeoLayout0F
                0x00000000803854cc                Behavior00
                0x000000008037ebd4                LevelScript14
                0x000000008038425c                Behavior01
                0x000000008037e1a0                LevelAccumOp
                0x000000008037cbc0                Copy16BitTriple
                0x000000008037a348                Unknown8037A348
                0x000000008037ec14                LevelScript15
                0x000000008038586c                Behavior30
                0x000000008037cee8                GeoLayout02
                0x000000008037da5c                GeoLayout1D
                0x000000008037f214                LevelScript22
                0x000000008037ecf8                LevelScript18
                0x000000008037f67c                LevelScript26
                0x00000000803800bc                LevelScript2B
                0x000000008037ef70                LevelScript1E
                0x000000008037eb04                LevelScript12
                0x000000008037df1c                GeoLayout1B
                0x000000008037d998                GeoLayout12
                0x000000008037e058                GeoLayout20
                0x00000000803849f8                Behavior13
                0x00000000803857a0                Behavior31
                0x000000008037cc74                RegisterSceneGraphNode
                0x000000008037f2a4                LevelScript23
                0x00000000803845e8                Behavior08
                0x0000000080384634                Behavior09
                0x0000000080384c5c                Behavior0D
                0x000000008037e580                LevelScript05
                0x0000000080384cf0                Behavior0F
                0x00000000803841a0                Behavior0B
                0x000000008038528c                Behavior23
                0x00000000803805c8                LevelScriptLoad
                0x000000008037ef00                LevelScript1D
                0x000000008037edf8                LevelScript1A
                0x000000008037de34                GeoLayout18
                0x000000008037cfc0                GeoLayout04
                0x0000000080385a60                Behavior33
                0x0000000080384928                Behavior15
                0x0000000080380300                LevelScript36
                0x000000008037d6f0                GeoLayout10
                0x000000008037e6d4                LevelScript09
                0x000000008037dfd4                GeoLayout1C
                0x0000000080383f24                Behavior1B
                0x0000000080378a20                Unknown80378A20
                0x000000008037e780                LevelScript0A
                0x00000000803789c8                Unknown803789C8
                0x0000000080380014                LevelScript29
                0x0000000080380434                LevelScript3C
                0x000000008038556c                Unknown8038556C
                0x00000000803851d0                Behavior20
                0x000000008037d018                GeoLayout05
                0x0000000080378a78                Unknown80378A78
                0x0000000080381470                Unknown80381470
                0x000000008037ea98                LevelScript11
                0x000000008037f130                LevelScript20
                0x000000008037d48c                GeoLayout0B
                0x000000008038531c                Behavior2E
                0x00000000803843e0                Behavior26
                0x000000008037f010                LevelScript1F
                0x0000000080384ab4                Behavior16
                0x00000000803817e0                Unknown803817E0
                0x000000008037c9e8                Unknown8037C9E8
                0x0000000080384f08                Behavior28
                0x0000000080380274                LevelScript30
                0x00000000803847d4                Behavior36
                0x00000000803801e0                LevelScript33
                0x000000008037e5b8                LevelScript06
                0x00000000803844c0                Behavior06
                0x000000008037dd4c                GeoLayout16
                0x000000008037e404                LevelScript02
                0x000000008037d050                GeoLayout06
                0x000000008038503c                Behavior18
                0x000000008037f790                LevelScript28
                0x000000008037db50                GeoLayout1E
                0x0000000080384e04                Behavior12
                0x0000000080385114                Behavior1F
                0x000000008038575c                Behavior2F
                0x000000008037dddc                GeoLayout17
                0x000000008037f36c                LevelScript25
                0x000000008037fc38                LevelScript3B
                0x000000008037e620                LevelScript07
                0x0000000080384224                Behavior03
                0x000000008037fe2c                LevelScript35
                0x000000008037e388                LevelScript01
                0x0000000080383b70                Unknown80383B70
                0x00000000803788e4                Unknown803788E4
                0x000000008037ab88                Unknown8037AB88
                0x0000000080384678                Behavior0C
                0x000000008037d500                GeoLayout0C
                0x0000000080385b4c                Behavior34
                0x000000008037cf70                GeoLayout03
                0x0000000080384f8c                Behavior1E
                0x000000008037ec54                LevelScript16
                0x0000000080383e5c                Behavior22
                0x0000000080383f94                Behavior1C
                0x000000008037e47c                LevelScript03
                0x000000008037eea8                LevelScript1C
                0x000000008037ed48                LevelScript19
                0x0000000080384d70                Behavior11
                0x000000008037d8d4                GeoLayout11
                0x000000008037d328                GeoLayout09
                0x000000008037db74                GeoLayout13
                0x000000008037e4fc                LevelScript04
                0x000000008038546c                Behavior24
                0x0000000080383ee4                Behavior21
                0x000000008037d5d4                GeoLayout0E
                0x00000000803839cc                ProcessCollision
                0x00000000803841b8                Behavior02
                0x000000008037f920                LevelScript31
                0x000000008037ce24                GeoLayout01
LOAD build/sm64.o
OUTPUT(build/sm64.elf elf32-bigmips)

.text           0x00000000804a2740        0x0 load address 0x000000000021f4c0
 .text          0x00000000804a2740        0x0 build/sm64.o

.bss            0x00000000804a2740        0x0 load address 0x000000000021f4c0
 .bss           0x00000000804a2740        0x0 build/sm64.o

.reginfo        0x0000000000000000       0x18
 .reginfo       0x0000000000000000       0x18 build/sm64.o

.pdr            0x0000000000000000        0x0
 .pdr           0x0000000000000000        0x0 build/sm64.o
